<--- Last few GCs --->


<--- JS stacktrace --->

FATAL ERROR: Committing semi space failed. Allocation failed - JavaScript heap out of memory
----- Native stack trace -----

 1: 00007FF61AE6BFDB 
 2: 00007FF61ADDAF98 
 3: 00007FF61B854851 
 4: 00007FF61B83DEE8 
 5: 00007FF61B69F8D0 
 6: 00007FF61B6576D3 
 7: 00007FF61B6A8F80 
 8: 00007FF61B69C5F0 
 9: 00007FF61B6B1C5A 
10: 00007FF61B6B24D7 
11: 00007FF61B35159C 
12: 00007FF61B352DA0 
13: 00007FF61B34D940 
14: 00007FF61B35266C 
15: 00007FF61B352ECE 
16: 00007FF61B34D940 
17: 00007FF61B35266C 
18: 00007FF61B352ECE 
19: 00007FF61B34D940 
20: 00007FF61B35266C 
21: 00007FF61B352ECE 
22: 00007FF61B34D940 
23: 00007FF61B35266C 
24: 00007FF61B352ECE 
25: 00007FF61B34D940 
26: 00007FF61B35266C 
27: 00007FF61B352ECE 
28: 00007FF61B34D940 
29: 00007FF61B35266C 
30: 00007FF61B352ECE 
31: 00007FF61B34D940 
32: 00007FF61B35266C 
33: 00007FF61B352ECE 
34: 00007FF61B34C7A9 
35: 00007FF61B352F4C 
36: 00007FF61B349B73 
37: 00007FF61B34A0DB 
38: 00007FF61B356143 
39: 00007FF61B7AFBF6 
40: 00007FF61B837E8C 
41: 00007FF61B837994 
42: 00007FF61ADFCF32 
43: 00007FF61ADFC797 
44: 00007FF61ADFA9B1 
45: 00007FF61B80AC7E 
46: 00007FF61B80A87A 
47: 00007FF61B80AB3F 
48: 00007FF61B80A9B0 
49: 00007FF61B8FF68E 
50: 00007FF59BA44126 
